
Access Token: eyJhbGciOiJIUzI1NiIsInR5cCI6IkpXVCJ9.eyJpZCI6IjY3Y2UxNjFjNWY1MWRhNzA3N2JkNzgyMCIsInJvbGUiOiI2N2NlZjhkMzhkY2ViMzBkYzYzNzQ1NGIiLCJpYXQiOjE3NDIzNDMyNDAsImV4cCI6MTc0MjM0NDE0MH0.D9bTSsHqmkP42yuyIVZCPEc44sKhE1bsL0l6_xYKutc
Refresh Token: eyJhbGciOiJIUzI1NiIsInR5cCI6IkpXVCJ9.eyJpZCI6IjY3Y2UxNjFjNWY1MWRhNzA3N2JkNzgyMCIsImlhdCI6MTc0MjM0MzI0MCwiZXhwIjoxNzQyOTQ4MDQwfQ.pkotHAnLzH-Kc5yORRGAUVR4NtkpU48y4LPCknJqx8w


Access Token: eyJhbGciOiJIUzI1NiIsInR5cCI6IkpXVCJ9.eyJpZCI6IjY3Y2UxNjFjNWY1MWRhNzA3N2JkNzgyMCIsInJvbGUiOiI2N2NlZjhkMzhkY2ViMzBkYzYzNzQ1NGIiLCJpYXQiOjE3NDIzNDMyNjcsImV4cCI6MTc0MjM0NDE2N30.a6euqTyIH45d70zv-uxZ7kJTG9s-aY0iyVHwx-p8zJM
Refresh Token: eyJhbGciOiJIUzI1NiIsInR5cCI6IkpXVCJ9.eyJpZCI6IjY3Y2UxNjFjNWY1MWRhNzA3N2JkNzgyMCIsImlhdCI6MTc0MjM0MzI2NywiZXhwIjoxNzQyOTQ4MDY3fQ.aDK1To3nh2_bHDF9hyJO_WrNvBfMlhwbBqqR7Mx3iVU


Access Token: eyJhbGciOiJIUzI1NiIsInR5cCI6IkpXVCJ9.eyJpZCI6IjY3Y2UxNjFjNWY1MWRhNzA3N2JkNzgyMCIsInJvbGUiOiI2N2NlZjhkMzhkY2ViMzBkYzYzNzQ1NGIiLCJpYXQiOjE3NDIzNDMzMjYsImV4cCI6MTc0MjM0NDIyNn0.K3132rYIEPEAikFok0KYzftiYWP1Tgz7LPvhDDwY4yY
Refresh Token: eyJhbGciOiJIUzI1NiIsInR5cCI6IkpXVCJ9.eyJpZCI6IjY3Y2UxNjFjNWY1MWRhNzA3N2JkNzgyMCIsImlhdCI6MTc0MjM0MzMyNiwiZXhwIjoxNzQyOTQ4MTI2fQ.bQsXSxA__pN81wu0u0BhBjMtYay2M00l23j5O8sKtDU


Access Token: eyJhbGciOiJIUzI1NiIsInR5cCI6IkpXVCJ9.eyJpZCI6IjY3Y2UxNjFjNWY1MWRhNzA3N2JkNzgyMCIsInJvbGUiOiI2N2NlZjhkMzhkY2ViMzBkYzYzNzQ1NGIiLCJpYXQiOjE3NDIzNDMzNDUsImV4cCI6MTc0MjM0NDI0NX0.9UwdqMtHn6CGMooHW3kl6lRuR9Sy5MTt70d_yiKKI8I
Refresh Token: eyJhbGciOiJIUzI1NiIsInR5cCI6IkpXVCJ9.eyJpZCI6IjY3Y2UxNjFjNWY1MWRhNzA3N2JkNzgyMCIsImlhdCI6MTc0MjM0MzM0NSwiZXhwIjoxNzQyOTQ4MTQ1fQ.sW2cgSzPfaO2r0vXOhqAOz5K4Dn5rHf9sVbLq6cLEk0


Access Token: eyJhbGciOiJIUzI1NiIsInR5cCI6IkpXVCJ9.eyJpZCI6IjY3Y2UxNjFjNWY1MWRhNzA3N2JkNzgyMCIsInJvbGUiOiI2N2NlZjhkMzhkY2ViMzBkYzYzNzQ1NGIiLCJpYXQiOjE3NDIzNDMzOTMsImV4cCI6MTc0MjM0NDI5M30.0pxhHAjVnPnpjTIpjGLP16tKiS_gDCTmkWsuLLu9o54
Refresh Token: eyJhbGciOiJIUzI1NiIsInR5cCI6IkpXVCJ9.eyJpZCI6IjY3Y2UxNjFjNWY1MWRhNzA3N2JkNzgyMCIsImlhdCI6MTc0MjM0MzM5MywiZXhwIjoxNzQyOTQ4MTkzfQ.GKibl6xAe6ixc4xQj5GOREm56vDKK3AJ5HrqKS5LTlw


Access Token: eyJhbGciOiJIUzI1NiIsInR5cCI6IkpXVCJ9.eyJpZCI6IjY3Y2UxNjFjNWY1MWRhNzA3N2JkNzgyMCIsInJvbGUiOiI2N2NlZjhkMzhkY2ViMzBkYzYzNzQ1NGIiLCJpYXQiOjE3NDIzNDM0MTgsImV4cCI6MTc0MjM0NDMxOH0.3gIDEASLawz_P09FjKXq2yHoSm__D0loG4z3_AZ72hQ
Refresh Token: eyJhbGciOiJIUzI1NiIsInR5cCI6IkpXVCJ9.eyJpZCI6IjY3Y2UxNjFjNWY1MWRhNzA3N2JkNzgyMCIsImlhdCI6MTc0MjM0MzQxOCwiZXhwIjoxNzQyOTQ4MjE4fQ.XXkE9aHWCzjTHfIDd21LxN3oWYKaLKEEB-Fq8MobKxs


Access Token: eyJhbGciOiJIUzI1NiIsInR5cCI6IkpXVCJ9.eyJpZCI6IjY3Y2UxNjFjNWY1MWRhNzA3N2JkNzgyMCIsInJvbGUiOiI2N2NlZjhkMzhkY2ViMzBkYzYzNzQ1NGIiLCJpYXQiOjE3NDIzNDM2MDcsImV4cCI6MTc0MjM0NDUwN30.TvR0jqQsDmr7qKuNh1S0tF8GwQaPMDtIt8_nQ79LdUQ
Refresh Token: eyJhbGciOiJIUzI1NiIsInR5cCI6IkpXVCJ9.eyJpZCI6IjY3Y2UxNjFjNWY1MWRhNzA3N2JkNzgyMCIsImlhdCI6MTc0MjM0MzYwNywiZXhwIjoxNzQyOTQ4NDA3fQ.CNMCb1_p4TmDS4Cwa8EcOKPsdME7j5o2sZq-2IFdse4


Access Token: eyJhbGciOiJIUzI1NiIsInR5cCI6IkpXVCJ9.eyJpZCI6IjY3ZGEwZTcyZTM5YmY3MzlmZjM0M2QxYSIsInJvbGUiOiI2N2NlZjhkMzhkY2ViMzBkYzYzNzQ1NGIiLCJpYXQiOjE3NDIzNDM5MzcsImV4cCI6MTc0MjM0NDgzN30.8QfhTSPk6lC0tqUWK6CAiqcHAsmr4MfpDF40ketx3eE
Refresh Token: eyJhbGciOiJIUzI1NiIsInR5cCI6IkpXVCJ9.eyJpZCI6IjY3ZGEwZTcyZTM5YmY3MzlmZjM0M2QxYSIsImlhdCI6MTc0MjM0MzkzNywiZXhwIjoxNzQyOTQ4NzM3fQ.vvX7Cki5eSscLh1v6CbYNssEUzX1CM4Pb21bsPIIon4


Access Token: eyJhbGciOiJIUzI1NiIsInR5cCI6IkpXVCJ9.eyJpZCI6IjY3ZGEwZTcyZTM5YmY3MzlmZjM0M2QxYSIsInJvbGUiOiI2N2NlZjhkMzhkY2ViMzBkYzYzNzQ1NGIiLCJpYXQiOjE3NDIzNDM5NjUsImV4cCI6MTc0MjM0NDg2NX0.LaAEUkoE__rarIjoLUDbjyuRRbYDKvydde21f0j4bOM
Refresh Token: eyJhbGciOiJIUzI1NiIsInR5cCI6IkpXVCJ9.eyJpZCI6IjY3ZGEwZTcyZTM5YmY3MzlmZjM0M2QxYSIsImlhdCI6MTc0MjM0Mzk2NSwiZXhwIjoxNzQyOTQ4NzY1fQ.bpCcnnryFRZcjMPzqV8vcC-0OnPpKoxFV5obaLpfSkE


Access Token: eyJhbGciOiJIUzI1NiIsInR5cCI6IkpXVCJ9.eyJpZCI6IjY3ZGEwZTcyZTM5YmY3MzlmZjM0M2QxYSIsInJvbGUiOiI2N2NlZjhkMzhkY2ViMzBkYzYzNzQ1NGIiLCJpYXQiOjE3NDIzNDM5OTAsImV4cCI6MTc0MjM0NDg5MH0.27Lommoj77fss5BzhwsQiP_idMqWLfd9o7YOkc5KOUQ
Refresh Token: eyJhbGciOiJIUzI1NiIsInR5cCI6IkpXVCJ9.eyJpZCI6IjY3ZGEwZTcyZTM5YmY3MzlmZjM0M2QxYSIsImlhdCI6MTc0MjM0Mzk5MCwiZXhwIjoxNzQyOTQ4NzkwfQ.ubAYL27VllZWQxzH1KrG7QakC7vCQWmsVUSX11GvrlM


Access Token: eyJhbGciOiJIUzI1NiIsInR5cCI6IkpXVCJ9.eyJpZCI6IjY3ZGEwZTcyZTM5YmY3MzlmZjM0M2QxYSIsInJvbGUiOiI2N2NlZjhkMzhkY2ViMzBkYzYzNzQ1NGIiLCJpYXQiOjE3NDIzNDQwNzMsImV4cCI6MTc0MjM0NDk3M30.U37zUuaJjc3ZHRe3p_kz40pk3o5KvogHkJA3w7GRk4M
Refresh Token: eyJhbGciOiJIUzI1NiIsInR5cCI6IkpXVCJ9.eyJpZCI6IjY3ZGEwZTcyZTM5YmY3MzlmZjM0M2QxYSIsImlhdCI6MTc0MjM0NDA3MywiZXhwIjoxNzQyOTQ4ODczfQ.IB4aFYH6Ul2v7T_Wu_WWqCxa9cmGahSkemJZskjyOKc


Access Token: eyJhbGciOiJIUzI1NiIsInR5cCI6IkpXVCJ9.eyJpZCI6IjY3ZGEwZTcyZTM5YmY3MzlmZjM0M2QxYSIsInJvbGUiOnsiX2lkIjoiNjdjZWY4ZDM4ZGNlYjMwZGM2Mzc0NTRiIiwibmFtZSI6ImFkbWluIn0sImlhdCI6MTc0MjM0NDA5MCwiZXhwIjoxNzQyMzQ0OTkwfQ.RR9WrpWs889MoT0UA_8alkB3wETOHx6RMDqAPBP34eE
Refresh Token: eyJhbGciOiJIUzI1NiIsInR5cCI6IkpXVCJ9.eyJpZCI6IjY3ZGEwZTcyZTM5YmY3MzlmZjM0M2QxYSIsImlhdCI6MTc0MjM0NDA5MCwiZXhwIjoxNzQyOTQ4ODkwfQ.caxLDiP2GT81ox_vtHkFFKG9R4mDfnXRVKl8l1r5DYA


Access Token: eyJhbGciOiJIUzI1NiIsInR5cCI6IkpXVCJ9.eyJpZCI6IjY3ZGEwZTcyZTM5YmY3MzlmZjM0M2QxYSIsInJvbGUiOnsiX2lkIjoiNjdjZWY4ZDM4ZGNlYjMwZGM2Mzc0NTRiIiwibmFtZSI6ImFkbWluIn0sImlhdCI6MTc0MjM0NDMwMiwiZXhwIjoxNzQyMzQ1MjAyfQ.H5N9EVVpmNWNTTB7HwzGIU84FuLxED_7JniwekbXihE
Refresh Token: eyJhbGciOiJIUzI1NiIsInR5cCI6IkpXVCJ9.eyJpZCI6IjY3ZGEwZTcyZTM5YmY3MzlmZjM0M2QxYSIsImlhdCI6MTc0MjM0NDMwMiwiZXhwIjoxNzQyOTQ5MTAyfQ.OA5ZLF372PmxjqrudBG-DFV1M_s1rIu8_4MQ_Rq5rLc


Access Token: eyJhbGciOiJIUzI1NiIsInR5cCI6IkpXVCJ9.eyJpZCI6IjY3ZGEwZTcyZTM5YmY3MzlmZjM0M2QxYSIsInJvbGUiOnsiX2lkIjoiNjdjZWY4ZDM4ZGNlYjMwZGM2Mzc0NTRiIiwibmFtZSI6ImFkbWluIn0sImlhdCI6MTc0MjM0NDY1MSwiZXhwIjoxNzQyMzQ1NTUxfQ.QoomHoVrWVnN1MssJOAfu_q0PPHvE9_Rndd-d_zbWUw
Refresh Token: eyJhbGciOiJIUzI1NiIsInR5cCI6IkpXVCJ9.eyJpZCI6IjY3ZGEwZTcyZTM5YmY3MzlmZjM0M2QxYSIsImlhdCI6MTc0MjM0NDY1MSwiZXhwIjoxNzQyOTQ5NDUxfQ.9hGmR9Mzjp_iJwwUjWiCxIiXPy9ff_5Z0YzoAYnr23k


Access Token: eyJhbGciOiJIUzI1NiIsInR5cCI6IkpXVCJ9.eyJpZCI6IjY3ZGExMzRmYjEwMzc4NTNmYTNiMWMyYSIsInJvbGUiOnsiX2lkIjoiNjdjZWY5YzA2ZmY0MjNiNjliM2FlZDMyIiwibmFtZSI6InJlYWRlciIsIl9fdiI6MH0sImlhdCI6MTc0MjM0NTExMCwiZXhwIjoxNzQyMzQ2MDEwfQ.S1Xd3t7dOZbfgUmzkBDykL8hBGHjMg4Cs2hije5sbh8
Refresh Token: eyJhbGciOiJIUzI1NiIsInR5cCI6IkpXVCJ9.eyJpZCI6IjY3ZGExMzRmYjEwMzc4NTNmYTNiMWMyYSIsImlhdCI6MTc0MjM0NTExMCwiZXhwIjoxNzQyOTQ5OTEwfQ.PJs0m5WRq7cLhGdDoiwCNatmdSoxJZEmdpi-h6mYuE0


Access Token: eyJhbGciOiJIUzI1NiIsInR5cCI6IkpXVCJ9.eyJpZCI6IjY3ZGEwZTcyZTM5YmY3MzlmZjM0M2QxYSIsInJvbGUiOnsiX2lkIjoiNjdjZWY4ZDM4ZGNlYjMwZGM2Mzc0NTRiIiwibmFtZSI6ImFkbWluIn0sImlhdCI6MTc0MjM0NTk5MywiZXhwIjoxNzQyMzQ2ODkzfQ.-RYN_1RrwdJnHeO9Q7SGsf9R64xkDuimJKoZXr08tIM
Refresh Token: eyJhbGciOiJIUzI1NiIsInR5cCI6IkpXVCJ9.eyJpZCI6IjY3ZGEwZTcyZTM5YmY3MzlmZjM0M2QxYSIsImlhdCI6MTc0MjM0NTk5MywiZXhwIjoxNzQyOTUwNzkzfQ.Z9DmA9bsFFXBf9MtF96Pf4zepK_lPtFT3S-ZFycpkLE


Access Token: eyJhbGciOiJIUzI1NiIsInR5cCI6IkpXVCJ9.eyJpZCI6IjY3ZGEwZTcyZTM5YmY3MzlmZjM0M2QxYSIsInJvbGUiOnsiX2lkIjoiNjdjZWY4ZDM4ZGNlYjMwZGM2Mzc0NTRiIiwibmFtZSI6ImFkbWluIn0sImlhdCI6MTc0MzM3MTI3MSwiZXhwIjoxNzQzMzcyMTcxfQ.zkSFslGGFwNRVXwW4IZOnLuCLv8-5gvjtcszYHuU6gk
Refresh Token: eyJhbGciOiJIUzI1NiIsInR5cCI6IkpXVCJ9.eyJpZCI6IjY3ZGEwZTcyZTM5YmY3MzlmZjM0M2QxYSIsImlhdCI6MTc0MzM3MTI3MSwiZXhwIjoxNzQzOTc2MDcxfQ.QtCRoRRblquhvFxoZH3y8h9WeGOYmqSw2p9tKgIoq-Y

